// Jest Snapshot v1, https://goo.gl/fbAQLP

exports[`ImportCard Rendering should match to snapshot 1`] = `
<ForwardRef
  activeOpacity={1}
  style={
    Object {
      "alignItems": "center",
      "backgroundColor": "#FFFFFF",
      "borderColor": "#DCDCE9",
      "borderRadius": 24.642857142857142,
      "borderWidth": 1,
      "height": "100%",
      "width": "100%",
    }
  }
>
  <View
    style={
      Object {
        "alignItems": "center",
        "aspectRatio": 1,
        "height": "30%",
        "marginBottom": 13.142857142857142,
        "marginTop": 49.285714285714285,
      }
    }
  >
    <SvgMock
      height="100%"
    />
  </View>
  <View
    activeOpacity={1}
    style={
      Object {
        "alignItems": "center",
        "height": "22%",
        "justifyContent": "center",
        "marginBottom": 6.571428571428571,
        "width": "61.53%",
      }
    }
  >
    <Text
      style={
        Object {
          "color": "#1F1F60",
          "fontFamily": "BananaGrotesk-Medium",
          "fontSize": 31,
          "letterSpacing": -0.12,
          "lineHeight": 36.14285714285714,
          "textAlign": "center",
        }
      }
    >
      Import contacts from your phone
    </Text>
  </View>
  <View
    activeOpacity={1}
    style={
      Object {
        "height": "8.5%",
        "width": "61.53%",
      }
    }
  >
    <Text
      style={
        Object {
          "color": "#8F8FAF",
          "fontFamily": "BananaGrotesk-Light",
          "fontSize": 24,
          "textAlign": "center",
        }
      }
    >
      Get access to my adresss book
    </Text>
  </View>
</ForwardRef>
`;
