// Jest Snapshot v1, https://goo.gl/fbAQLP

exports[`PopularPoll PopularPoll component renders correctly 1`] = `
<View
  style={
    Object {
      "alignItems": "center",
      "backgroundColor": "#FFFFFF",
      "borderColor": "#E6ECED",
      "borderRadius": 30,
      "borderStyle": "solid",
      "borderWidth": 1,
      "minHeight": 345,
      "minWidth": 300,
      "opacity": 1,
      "width": "100%",
    }
  }
>
  <View
    style={
      Object {
        "marginTop": 26,
        "width": "88%",
      }
    }
  >
    <Text
      style={
        Object {
          "color": "#1F1F60",
          "fontFamily": "BananaGrotesk-Medium",
          "fontSize": 36,
          "letterSpacing": -0.11,
          "lineHeight": 44,
          "opacity": 1,
          "textAlign": "left",
        }
      }
    >
      Who are your favorites for the World Cup 2020?
    </Text>
  </View>
  <View
    style={
      Object {
        "alignItems": "center",
        "borderBottomColor": "#E6ECED",
        "borderBottomWidth": 1,
        "flexDirection": "row",
        "justifyContent": "space-between",
        "marginTop": 24,
        "paddingBottom": 10,
        "width": "88%",
      }
    }
  >
    <View
      style={
        Object {
          "alignItems": "center",
          "flexDirection": "row",
        }
      }
    >
      <View
        style={
          Object {
            "flexDirection": "row",
            "marginLeft": 8,
          }
        }
      >
        <Image
          key="0"
          source={
            Object {
              "default": "",
            }
          }
          style={
            Object {
              "borderRadius": 28,
              "height": 56,
              "marginLeft": -16,
              "opacity": 1,
              "width": 56,
            }
          }
        />
        <Image
          key="1"
          source={
            Object {
              "default": "",
            }
          }
          style={
            Object {
              "borderRadius": 28,
              "height": 56,
              "marginLeft": -16,
              "opacity": 1,
              "width": 56,
            }
          }
        />
        <Image
          key="2"
          source={
            Object {
              "default": "",
            }
          }
          style={
            Object {
              "borderRadius": 28,
              "height": 56,
              "marginLeft": -16,
              "opacity": 1,
              "width": 56,
            }
          }
        />
      </View>
      <View
        style={
          Object {
            "marginLeft": 16,
          }
        }
      >
        <Text
          style={
            Object {
              "color": "#082366",
              "fontFamily": "BananaGrotesk-Regular",
              "fontSize": 28,
              "letterSpacing": -0.1,
              "opacity": 0.5,
              "textAlign": "left",
            }
          }
        >
          54
          K votes
        </Text>
      </View>
    </View>
    <View
      style={
        Object {
          "alignItems": "center",
          "flexDirection": "row",
        }
      }
    >
      <View
        style={
          Object {
            "opacity": 1,
          }
        }
      >
        <Image
          source={
            Object {
              "default": "",
            }
          }
          style={
            Object {
              "height": 34,
              "width": 34,
            }
          }
        />
      </View>
      <View
        style={
          Object {
            "marginLeft": 6,
          }
        }
      >
        <Text
          style={
            Object {
              "color": "#002468",
              "fontFamily": "BananaGrotesk-Regular",
              "fontSize": 24,
              "letterSpacing": -0.07,
              "opacity": 0.5,
              "textAlign": "right",
            }
          }
        >
          2 hours left
        </Text>
      </View>
    </View>
  </View>
  <View
    style={
      Object {
        "marginBottom": 15,
        "marginTop": 20,
        "width": "86.67%",
      }
    }
  >
    <View
      style={
        Object {
          "backgroundColor": "#E6ECED",
          "borderRadius": 4,
          "height": 56,
          "marginBottom": 15,
          "minWidth": "100%",
          "opacity": 1,
          "position": "relative",
        }
      }
    >
      <View
        style={
          Object {
            "backgroundColor": "#7B46E4",
            "borderRadius": 4,
            "height": 56,
            "left": -4,
            "opacity": 1,
            "position": "absolute",
            "top": 0,
            "width": "53%",
          }
        }
      />
      <View
        style={
          Object {
            "flexDirection": "row",
          }
        }
      >
        <Text
          style={
            Object {
              "color": "#FFFFFF",
              "fontFamily": "BananaGrotesk-Regular",
              "fontSize": 24,
              "letterSpacing": -0.7,
              "opacity": 1,
              "paddingLeft": 10,
              "paddingVertical": 12,
              "textAlign": "left",
            }
          }
        >
          53%
        </Text>
        <Text
          style={
            Object {
              "color": "#FFFFFF",
              "fontFamily": "BananaGrotesk-Bold",
              "fontSize": 26,
              "letterSpacing": -0.7,
              "opacity": 1,
              "paddingLeft": 6,
              "paddingVertical": 12,
              "textAlign": "left",
            }
          }
        >
          India
        </Text>
      </View>
      <View
        style={
          Object {
            "alignItems": "center",
            "backgroundColor": "#FFFFFF",
            "borderRadius": 24,
            "height": 48,
            "justifyContent": "center",
            "marginTop": 3.5,
            "opacity": 1,
            "position": "absolute",
            "right": 8,
            "width": 48,
          }
        }
      >
        <Image
          source={
            Object {
              "default": "",
            }
          }
          style={
            Object {
              "borderRadius": 20,
              "height": 40,
              "width": 40,
            }
          }
        />
      </View>
    </View>
    <View
      style={
        Object {
          "backgroundColor": "#E6ECED",
          "borderRadius": 4,
          "height": 56,
          "marginBottom": 15,
          "minWidth": "100%",
          "opacity": 1,
          "position": "relative",
        }
      }
    >
      <View
        style={
          Object {
            "backgroundColor": "#47C3F4",
            "borderRadius": 4,
            "height": 56,
            "left": -4,
            "opacity": 1,
            "position": "absolute",
            "top": 0,
            "width": "12%",
          }
        }
      />
      <View
        style={
          Object {
            "flexDirection": "row",
          }
        }
      >
        <Text
          style={
            Object {
              "color": "#1F1F60",
              "fontFamily": "BananaGrotesk-Regular",
              "fontSize": 24,
              "letterSpacing": -0.7,
              "opacity": 1,
              "paddingLeft": 10,
              "paddingVertical": 12,
              "textAlign": "left",
            }
          }
        >
          12%
        </Text>
        <Text
          style={
            Object {
              "color": "#1F1F60",
              "fontFamily": "BananaGrotesk-Bold",
              "fontSize": 26,
              "letterSpacing": -0.7,
              "opacity": 1,
              "paddingLeft": 6,
              "paddingVertical": 12,
              "textAlign": "left",
            }
          }
        >
          Australia
        </Text>
      </View>
    </View>
    <View
      style={
        Object {
          "backgroundColor": "#E6ECED",
          "borderRadius": 4,
          "height": 56,
          "marginBottom": 15,
          "minWidth": "100%",
          "opacity": 1,
          "position": "relative",
        }
      }
    >
      <View
        style={
          Object {
            "backgroundColor": "#47C3F4",
            "borderRadius": 4,
            "height": 56,
            "left": -4,
            "opacity": 1,
            "position": "absolute",
            "top": 0,
            "width": "6%",
          }
        }
      />
      <View
        style={
          Object {
            "flexDirection": "row",
          }
        }
      >
        <Text
          style={
            Object {
              "color": "#1F1F60",
              "fontFamily": "BananaGrotesk-Regular",
              "fontSize": 24,
              "letterSpacing": -0.7,
              "opacity": 1,
              "paddingLeft": 10,
              "paddingVertical": 12,
              "textAlign": "left",
            }
          }
        >
          6%
        </Text>
        <Text
          style={
            Object {
              "color": "#1F1F60",
              "fontFamily": "BananaGrotesk-Bold",
              "fontSize": 26,
              "letterSpacing": -0.7,
              "opacity": 1,
              "paddingLeft": 6,
              "paddingVertical": 12,
              "textAlign": "left",
            }
          }
        >
          West Indies
        </Text>
      </View>
    </View>
    <View
      style={
        Object {
          "backgroundColor": "#E6ECED",
          "borderRadius": 4,
          "height": 56,
          "marginBottom": 15,
          "minWidth": "100%",
          "opacity": 1,
          "position": "relative",
        }
      }
    >
      <View
        style={
          Object {
            "backgroundColor": "#47C3F4",
            "borderRadius": 4,
            "height": 56,
            "left": -4,
            "opacity": 1,
            "position": "absolute",
            "top": 0,
            "width": "29%",
          }
        }
      />
      <View
        style={
          Object {
            "flexDirection": "row",
          }
        }
      >
        <Text
          style={
            Object {
              "color": "#1F1F60",
              "fontFamily": "BananaGrotesk-Regular",
              "fontSize": 24,
              "letterSpacing": -0.7,
              "opacity": 1,
              "paddingLeft": 10,
              "paddingVertical": 12,
              "textAlign": "left",
            }
          }
        >
          29%
        </Text>
        <Text
          style={
            Object {
              "color": "#1F1F60",
              "fontFamily": "BananaGrotesk-Bold",
              "fontSize": 26,
              "letterSpacing": -0.7,
              "opacity": 1,
              "paddingLeft": 6,
              "paddingVertical": 12,
              "textAlign": "left",
            }
          }
        >
          England
        </Text>
      </View>
    </View>
  </View>
</View>
`;
