// Jest Snapshot v1, https://goo.gl/fbAQLP

exports[`LargeThinButton LargeThinButton component renders correctly 1`] = `
<View
  style={
    Array [
      Array [
        Array [
          Object {
            "backgroundColor": "#7B46E4",
            "borderRadius": 78,
            "height": 100,
            "width": 650,
          },
        ],
      ],
      Object {},
    ]
  }
>
  <TouchableWithoutFeedback
    disabled={false}
    onPress={[Function]}
  >
    <View
      style={
        Object {
          "alignItems": "center",
          "flex": 1,
          "justifyContent": "center",
        }
      }
    >
      <Text
        style={
          Array [
            Array [
              Array [
                Object {
                  "color": "#FFFFFF",
                  "fontFamily": "BananaGrotesk-Bold",
                  "fontSize": 32,
                  "letterSpacing": -0.18,
                  "lineHeight": 36,
                },
              ],
            ],
            Object {},
          ]
        }
      >
        Button
      </Text>
    </View>
  </TouchableWithoutFeedback>
</View>
`;
