// Jest Snapshot v1, https://goo.gl/fbAQLP

exports[`MediumButton MediumButton component renders correctly 1`] = `
<View
  style={
    Array [
      Array [
        Object {
          "backgroundColor": "#7B46E4",
          "borderRadius": 78,
          "height": 120,
          "width": 550,
        },
      ],
      undefined,
    ]
  }
>
  <TouchableWithoutFeedback>
    <View
      style={
        Object {
          "alignItems": "center",
          "flex": 1,
          "justifyContent": "center",
        }
      }
    >
      <Text
        style={
          Array [
            Array [
              Object {
                "color": "#FFFFFF",
                "fontFamily": "BananaGrotesk-Bold",
                "fontSize": 32,
                "letterSpacing": -0.18,
                "lineHeight": 36,
              },
            ],
            undefined,
          ]
        }
      />
    </View>
  </TouchableWithoutFeedback>
</View>
`;
