// Jest Snapshot v1, https://goo.gl/fbAQLP

exports[`StoriesFromFriends3 should match to snapshot 1`] = `
<ForwardRef
  style={
    Object {
      "alignItems": "center",
      "height": 211.92857142857142,
      "justifyContent": "space-between",
      "width": 118.28571428571428,
    }
  }
>
  <ForwardRef
    activeOpacity={1}
    style={
      Object {
        "alignItems": "center",
        "borderColor": "#DCDCE9",
        "borderRadius": 24.642857142857142,
        "borderWidth": 2,
        "height": 152.78571428571428,
        "justifyContent": "center",
        "width": 118.28571428571428,
      }
    }
  >
    <Image
      source={
        Object {
          "default": "",
        }
      }
      style={
        Object {
          "borderColor": "white",
          "borderRadius": 21.357142857142858,
          "borderWidth": 2,
          "height": 146.21428571428572,
          "width": 111.71428571428571,
        }
      }
    />
  </ForwardRef>
  <View
    style={
      Object {
        "backgroundColor": "transparent",
        "borderBottomColor": "#DCDCE9",
        "borderBottomWidth": 11.5,
        "borderLeftColor": "transparent",
        "borderLeftWidth": 6.571428571428571,
        "borderRadius": 2,
        "borderRightColor": "transparent",
        "borderRightWidth": 6.571428571428571,
        "borderStyle": "solid",
        "bottom": 40.25,
        "height": 0,
        "left": 70.64285714285714,
        "position": "absolute",
        "transform": Array [
          Object {
            "rotate": "19deg",
          },
        ],
        "width": 0,
      }
    }
  />
  <ForwardRef
    activeOpacity={1}
    style={
      Object {
        "aspectRatio": 1,
        "backgroundColor": "#DCDCE9",
        "borderRadius": 100,
        "height": 59.14285714285714,
        "position": "absolute",
        "top": 115,
      }
    }
  >
    <View
      style={
        Object {
          "borderColor": "#DCDCE9",
          "borderRadius": 100,
          "borderWidth": 1,
          "flex": 1,
          "margin": 2,
        }
      }
    >
      <Image
        source={
          Object {
            "default": "",
          }
        }
        style={
          Object {
            "aspectRatio": 1,
            "borderRadius": 100,
            "height": "100%",
            "tintColor": "grey",
          }
        }
      />
      <Image
        source={
          Object {
            "default": "",
          }
        }
        style={
          Object {
            "borderRadius": 100,
            "height": "100%",
            "opacity": 0.8,
            "position": "absolute",
            "width": "100%",
          }
        }
      />
    </View>
  </ForwardRef>
  <Text
    style={
      Object {
        "color": "#8F8FAF",
        "fontFamily": "BananaGrotesk-Regular",
        "fontSize": 23,
        "letterSpacing": -0.08,
      }
    }
  >
    Carlota
  </Text>
</ForwardRef>
`;
