// Jest Snapshot v1, https://goo.gl/fbAQLP

exports[`Polls Icon component renders correctly 1`] = `
<View
  style={
    Object {
      "backgroundColor": "transparent",
      "flexDirection": "row",
      "height": 20,
      "opacity": 1,
      "width": 110,
    }
  }
>
  <View
    style={
      Object {
        "height": 16,
        "width": 21,
      }
    }
  >
    <SvgMock />
  </View>
  <View
    style={
      Object {
        "height": 20,
        "marginLeft": 16,
        "width": 75,
      }
    }
  >
    <Text
      style={
        Object {
          "color": "#1F1F60",
          "fontFamily": "BananaGrotesk-Medium",
          "fontSize": 18,
          "letterSpacing": -0.12,
          "opacity": 1,
          "textAlign": "left",
        }
      }
    >
      My Polls
    </Text>
  </View>
</View>
`;
