// Jest Snapshot v1, https://goo.gl/fbAQLP

exports[`DropDown3 Rendering should match to snapshot 1`] = `
<View
  style={
    Object {
      "alignItems": "flex-end",
    }
  }
  zIndex={1}
>
  <TouchableOpacity
    activeOpacity={1}
    delayLongPress={600}
    extraButtonProps={
      Object {
        "rippleColor": "transparent",
      }
    }
    onPress={[Function]}
    style={
      Object {
        "alignItems": "center",
        "height": 16.428571428571427,
        "justifyContent": "center",
        "width": "100%",
      }
    }
  >
    <SvgMock />
  </TouchableOpacity>
</View>
`;
