// Jest Snapshot v1, https://goo.gl/fbAQLP

exports[`FullPost Screen should render the component itself correctly 1`] = `
<View
  style={
    Object {
      "alignItems": "center",
      "backgroundColor": "#FFFFFF",
      "flex": 1,
    }
  }
>
  <View
    style={
      Object {
        "backgroundColor": "#FFFFFF",
        "height": 67.5,
        "width": 750,
      }
    }
  />
  <ScrollViewMock>
    <View
      style={
        Object {
          "alignItems": "center",
          "backgroundColor": "#FFFFFF",
          "flex": 1,
        }
      }
    >
      <View
        style={
          Object {
            "alignItems": "center",
            "flexDirection": "row",
            "height": 61,
            "justifyContent": "space-between",
            "width": 650,
          }
        }
      >
        <ForwardRef
          onPress={[Function]}
        >
          <Image
            source={
              Object {
                "default": "",
              }
            }
            style={
              Object {
                "height": 13.5,
              }
            }
          />
        </ForwardRef>
        <Bubbles />
      </View>
      <View
        style={
          Object {
            "borderBottomColor": "#E6ECED",
            "borderBottomWidth": 1,
            "width": 750,
          }
        }
      />
      <View
        style={
          Object {
            "width": 750,
          }
        }
      >
        <Image
          source={
            Object {
              "default": "",
            }
          }
          style={
            Object {
              "height": 435,
              "width": "100%",
            }
          }
        />
      </View>
      <View
        style={
          Object {
            "marginTop": 57.5,
            "width": 650,
          }
        }
      >
        <View
          style={
            Object {
              "width": 450,
            }
          }
        >
          <Text
            style={
              Object {
                "color": "#8F8FAF",
                "fontFamily": "BananaGrotesk-Medium",
                "fontSize": 16,
                "letterSpacing": 0,
                "lineHeight": 27,
                "marginBottom": 5,
                "opacity": 1,
                "textAlign": "left",
              }
            }
          >
            UK exit from the European Union
          </Text>
          <Text
            style={
              Object {
                "color": "#1F1F60",
                "fontFamily": "BananaGrotesk-Medium",
                "fontSize": 22,
                "letterSpacing": 0,
                "lineHeight": 29,
                "opacity": 1,
                "textAlign": "left",
              }
            }
          >
            Brexit: UK exit from the European Union
          </Text>
          <Text
            style={
              Object {
                "color": "#22226B",
                "fontFamily": "BananaGrotesk-Regular",
                "fontSize": 14,
                "letterSpacing": -0.08,
                "lineHeight": 16,
                "marginTop": 3,
                "opacity": 1,
                "textAlign": "left",
              }
            }
          >
            Sept 21, 2019, 5:00PM ET
          </Text>
          <Text
            style={
              Object {
                "color": "#8F8FAF",
                "fontFamily": "BananaGrotesk-Regular",
                "fontSize": 12,
                "letterSpacing": -0.07,
                "marginTop": 5,
                "opacity": 1,
                "textAlign": "left",
              }
            }
          >
            Updated 
            2m
             ago
          </Text>
        </View>
        <View
          style={
            Object {
              "marginBottom": 80,
              "marginTop": 13.5,
              "width": 600,
            }
          }
        >
          <Text
            style={
              Object {
                "color": "#1F1F60",
                "fontFamily": "BananaGrotesk-Light",
                "fontSize": 14,
                "letterSpacing": 0,
                "lineHeight": 22,
                "opacity": 1,
                "textAlign": "left",
              }
            }
          >
            British sovereign bonds are rallying strongly after the EU warned over the weekend that Boris Johnson faces an uphill battle in striking a Brexit.
          </Text>
        </View>
      </View>
      <View
        style={
          Object {
            "borderBottomColor": "#E6ECED",
            "borderBottomWidth": 1,
            "width": 750,
          }
        }
      />
      <View
        style={
          Object {
            "paddingBottom": 75,
            "width": 650,
          }
        }
      >
        <View
          style={
            Object {
              "alignItems": "center",
              "flexDirection": "row",
              "justifyContent": "space-between",
              "marginBottom": 26.5,
              "marginTop": 66.5,
              "width": 649.5,
            }
          }
        >
          <Text
            style={
              Object {
                "color": "#262676",
                "fontFamily": "BananaGrotesk-Medium",
                "fontSize": 18,
                "letterSpacing": -0.12,
                "opacity": 1,
                "textAlign": "left",
              }
            }
          >
            Sources
          </Text>
          <ForwardRef
            onPress={[Function]}
          >
            <Text
              style={
                Object {
                  "color": "#7B46E4",
                  "fontFamily": "BananaGrotesk-Bold",
                  "fontSize": 16,
                  "letterSpacing": -0.09,
                  "opacity": 1,
                  "textAlign": "right",
                }
              }
            >
              View all
            </Text>
          </ForwardRef>
        </View>
        <View
          style={
            Object {
              "marginVertical": 15,
            }
          }
        >
          <storyLineShortestCard
            date="23 hours ago"
            description="AS Boris Delivers A Brexit Deal, EU Have Agreed…"
            storyImage={
              Object {
                "default": "",
              }
            }
          />
        </View>
        <View
          style={
            Object {
              "marginVertical": 15,
            }
          }
        >
          <storyLineShortestCard
            date="23 hours ago"
            description="AS Boris Delivers A Brexit Deal, EU Have Agreed…"
            storyImage={
              Object {
                "default": "",
              }
            }
          />
        </View>
        <View
          style={
            Object {
              "marginVertical": 15,
            }
          }
        >
          <storyLineShortestCard
            date="23 hours ago"
            description="AS Boris Delivers A Brexit Deal, EU Have Agreed…"
            storyImage={
              Object {
                "default": "",
              }
            }
          />
        </View>
      </View>
      <View
        style={
          Object {
            "alignItems": "center",
            "backgroundColor": "#F5F8F8",
            "width": 750,
          }
        }
      >
        <View
          style={
            Object {
              "borderBottomColor": "#E6ECED",
              "borderBottomWidth": 1,
              "width": 750,
            }
          }
        />
        <View
          style={
            Object {
              "alignItems": "center",
              "backgroundColor": "#F5F8F8",
              "width": 750,
            }
          }
        >
          <View
            style={
              Object {
                "alignItems": "center",
                "flexDirection": "row",
                "height": 60,
                "justifyContent": "space-between",
                "width": 650,
                "zIndex": 100,
              }
            }
          >
            <View
              style={
                Object {
                  "alignItems": "center",
                  "flexDirection": "row",
                }
              }
            >
              <Image
                source={
                  Object {
                    "default": "",
                  }
                }
                style={
                  Object {
                    "marginRight": 10,
                  }
                }
              />
              <Text
                style={
                  Object {
                    "color": "#8F8FAF",
                    "fontFamily": "BananaGrotesk-Regular",
                    "fontSize": 28,
                    "letterSpacing": -0.08,
                    "opacity": 1,
                    "textAlign": "left",
                  }
                }
              >
                154K Comments
              </Text>
            </View>
            <View
              style={
                Object {
                  "alignItems": "center",
                  "flexDirection": "row",
                }
              }
            >
              <Text
                style={
                  Object {
                    "color": "#1F1F60",
                    "fontFamily": "BananaGrotesk-Regular",
                    "fontSize": 28,
                    "letterSpacing": -0.08,
                    "marginRight": 5,
                    "opacity": 1,
                    "textAlign": "left",
                  }
                }
              >
                Most Popular
              </Text>
              <DropDown2
                content={
                  Array [
                    "Most popular",
                    "Most recent",
                  ]
                }
                getOption={[Function]}
                headerTitle="Sort by"
                type={2}
                zIndex={1}
              />
            </View>
          </View>
          <View
            style={
              Object {
                "borderBottomColor": "#E6ECED",
                "borderBottomWidth": 1,
                "width": 750,
              }
            }
          />
          <View
            style={
              Object {
                "marginTop": 28,
              }
            }
          >
            <View
              key="0"
              style={
                Object {
                  "flexDirection": "row",
                  "marginBottom": 40,
                  "width": 647,
                }
              }
            >
              <View
                style={
                  Object {
                    "marginRight": 5,
                    "marginTop": 15,
                  }
                }
              >
                <Image
                  source={
                    Object {
                      "default": "",
                    }
                  }
                  style={
                    Object {
                      "borderRadius": 14,
                      "height": 28,
                      "width": 28,
                    }
                  }
                />
              </View>
              <View
                style={
                  Object {
                    "alignItems": "center",
                    "width": 585.5,
                  }
                }
              >
                <commentBox
                  boostCount={450}
                  boosts={450}
                  commentText="When Robert Mueller broke his silence in May, his main point was that his long-awaited report spoke for itself."
                  isReply={false}
                  name="Jammie Rice"
                  onClickBoost={[Function]}
                  onClickReply={[Function]}
                  replyCount={1}
                  selectionHandler={[Function]}
                  time="32 Days"
                />
                <View
                  key="0"
                  style={
                    Object {
                      "flexDirection": "row",
                      "marginTop": 20,
                      "width": "100%",
                    }
                  }
                >
                  <Image
                    source={
                      Object {
                        "default": "",
                      }
                    }
                    style={
                      Object {
                        "borderRadius": 14,
                        "height": 28,
                        "width": 28,
                      }
                    }
                  />
                  <View
                    style={
                      Object {
                        "marginLeft": 5,
                        "width": 516,
                      }
                    }
                  >
                    <commentBox
                      boostCount={450}
                      boosts={450}
                      commentText="After reports emerged suggesting the Obama administration would issue additional sanctions imminently."
                      isReply={true}
                      name="Lorraine Kim"
                      onClickBoost={[Function]}
                      onClickReply={[Function]}
                      profilePic={
                        Object {
                          "default": "",
                        }
                      }
                      replyCount={1}
                      selectionHandler={[Function]}
                      time="32 Days"
                    />
                  </View>
                </View>
              </View>
            </View>
            <View
              key="1"
              style={
                Object {
                  "flexDirection": "row",
                  "marginBottom": 40,
                  "width": 647,
                }
              }
            >
              <View
                style={
                  Object {
                    "marginRight": 5,
                    "marginTop": 15,
                  }
                }
              >
                <Image
                  source={
                    Object {
                      "default": "",
                    }
                  }
                  style={
                    Object {
                      "borderRadius": 14,
                      "height": 28,
                      "width": 28,
                    }
                  }
                />
              </View>
              <View
                style={
                  Object {
                    "alignItems": "center",
                    "width": 585.5,
                  }
                }
              >
                <commentBox
                  boostCount={450}
                  boosts={450}
                  commentText="When Robert Mueller broke his silence in May, his main point was that his long-awaited report spoke for itself."
                  isReply={false}
                  name="Abraham P."
                  onClickBoost={[Function]}
                  onClickReply={[Function]}
                  replyCount={3}
                  selectionHandler={[Function]}
                  time="32 Days"
                />
                <View
                  style={
                    Object {
                      "flexDirection": "row",
                      "marginTop": 13,
                    }
                  }
                >
                  <Text
                    style={
                      Object {
                        "color": "#1F1C62",
                        "fontFamily": "BananaGrotesk-Bold",
                        "fontSize": 13,
                        "letterSpacing": -0.07,
                        "opacity": 1,
                        "textAlign": "left",
                      }
                    }
                  >
                    View 
                    3
                     Replies
                  </Text>
                </View>
              </View>
            </View>
            <View
              key="2"
              style={
                Object {
                  "flexDirection": "row",
                  "marginBottom": 40,
                  "width": 647,
                }
              }
            >
              <View
                style={
                  Object {
                    "marginRight": 5,
                    "marginTop": 15,
                  }
                }
              >
                <Image
                  source={
                    Object {
                      "default": "",
                    }
                  }
                  style={
                    Object {
                      "borderRadius": 14,
                      "height": 28,
                      "width": 28,
                    }
                  }
                />
              </View>
              <View
                style={
                  Object {
                    "alignItems": "center",
                    "width": 585.5,
                  }
                }
              >
                <commentBox
                  boostCount={450}
                  boosts={450}
                  commentText="When Robert Mueller broke his silence in May, his main point was that his long-awaited report spoke for itself."
                  isReply={false}
                  name="Abraham P."
                  onClickBoost={[Function]}
                  onClickReply={[Function]}
                  replyCount={0}
                  selectionHandler={[Function]}
                  time="32 Days"
                />
              </View>
            </View>
            <View
              key="3"
              style={
                Object {
                  "flexDirection": "row",
                  "marginBottom": 40,
                  "width": 647,
                }
              }
            >
              <View
                style={
                  Object {
                    "marginRight": 5,
                    "marginTop": 15,
                  }
                }
              >
                <Image
                  source={
                    Object {
                      "default": "",
                    }
                  }
                  style={
                    Object {
                      "borderRadius": 14,
                      "height": 28,
                      "width": 28,
                    }
                  }
                />
              </View>
              <View
                style={
                  Object {
                    "alignItems": "center",
                    "width": 585.5,
                  }
                }
              >
                <commentBox
                  boostCount={450}
                  boosts={450}
                  commentText="When Robert Mueller broke his silence in May, his main point was that his long-awaited report spoke for itself."
                  isReply={false}
                  name="Jammie Rice"
                  onClickBoost={[Function]}
                  onClickReply={[Function]}
                  replyCount={0}
                  selectionHandler={[Function]}
                  time="32 Days"
                />
              </View>
            </View>
          </View>
        </View>
      </View>
    </View>
    <View
      style={
        Object {
          "alignItems": "center",
          "backgroundColor": "#FFFFFF",
          "height": 180,
          "width": 750,
        }
      }
    >
      <Commentbar2
        captureText={[Function]}
        onPress={[Function]}
        placeholderText="Comment Something"
      />
    </View>
  </ScrollViewMock>
</View>
`;
