// Jest Snapshot v1, https://goo.gl/fbAQLP

exports[`XLargeProfilePicture Rendering should match to snapshot 1`] = `
<View>
  <ForwardRef
    activeOpacity={1}
    onPress={[Function]}
    style={
      Object {
        "alignItems": "center",
        "aspectRatio": 1,
        "backgroundColor": "#1F1F6016",
        "borderRadius": 100,
        "height": 156.07142857142856,
        "justifyContent": "center",
      }
    }
  >
    <SvgMock
      height="100%"
    />
  </ForwardRef>
</View>
`;
