// Jest Snapshot v1, https://goo.gl/fbAQLP

exports[`LargeProfilePicture Rendering should match to snapshot 1`] = `
<View>
  <LinearGradient
    colors={
      Array [
        "#46C3F4",
        "#B27CF3",
      ]
    }
    end={
      Object {
        "x": 0,
        "y": 1,
      }
    }
    start={
      Object {
        "x": 0,
        "y": 0,
      }
    }
    style={
      Object {
        "aspectRatio": 1,
        "borderRadius": 100,
        "height": 105.14285714285714,
      }
    }
  >
    <ForwardRef
      activeOpacity={1}
      onPress={[Function]}
      style={
        Object {
          "alignItems": "center",
          "borderRadius": 100,
          "flex": 1,
          "justifyContent": "center",
          "margin": 2,
        }
      }
    >
      <Image
        source={
          Object {
            "default": "",
          }
        }
        style={
          Object {
            "aspectRatio": 1,
            "borderColor": "white",
            "borderRadius": 100,
            "borderWidth": 2,
            "height": "100%",
          }
        }
      />
    </ForwardRef>
    <View
      activeOpacity={1}
      style={
        Object {
          "alignItems": "center",
          "aspectRatio": 1,
          "backgroundColor": "#47C3F4",
          "borderColor": "#FFFFFF",
          "borderRadius": 100,
          "borderWidth": 2,
          "bottom": 0,
          "height": 10,
          "justifyContent": "center",
          "left": 70.64285714285714,
          "position": "absolute",
        }
      }
    />
  </LinearGradient>
</View>
`;
